// Jest Snapshot v1, https://goo.gl/fbAQLP

exports[`<Main /> should renderer 3 1`] = `
Array [
  <h1
    className="main-title"
    onClick={[Function]}
  >
    Количество предложений: 
    3
  </h1>,
  <ul>
    <li>
      Name One
    </li>
    <li>
      Name Two
    </li>
  </ul>,
]
`;
