// Jest Snapshot v1, https://goo.gl/fbAQLP

exports[`<App /> should renderer 3 1`] = `
<div>
  <h1>
    React Application
  </h1>
  <h1
    className="main-title"
    onClick={[Function]}
  >
    Количество предложений: 
    3
  </h1>
  <ul>
    <li>
      Name One
    </li>
    <li>
      Name Two
    </li>
  </ul>
</div>
`;
